[webmail.telkomsa.net/mail/index.html]
[backblue.gif]
[fade.gif]
[index.html]
[cdn.cookielaw.org/scripttemplates/otSDKStub.js]
[webmail.telkomsa.net/mail/css/common,login,zhtml,skind3b6.css]
[webmail.telkomsa.net/mail/img/logo/favicon.ico]
[webmail.telkomsa.net/skins/_base/logos/TelkomSA-logo.png]
[maxcdn.bootstrapcdn.com/bootstrap/4.4.1/css/bootstrap.min.css]
[ajax.googleapis.com/ajax/libs/jquery/3.4.1/jquery.min.js]
[cdnjs.cloudflare.com/ajax/libs/popper.js/1.16.0/umd/popper.min.js]
[webmail.telkomsa.net/mail/index.html]
[maxcdn.bootstrapcdn.com/bootstrap/4.4.1/js/bootstrap.min.js]
[webmail.telkomsa.net/mail/skins/_base/logos/AppBanner_white8f85.png]
[webmail.telkomsa.net/mail/skins/_base/logos/LoginBanner_white8f85.png]
[webmail.telkomsa.net/mail/skins/harmony/img/harmony/ImgNewSelectPullDownArrow8f85.png]
[webmail.telkomsa.net/mail/skins/harmony/img/zimbra8f85.png]
[webmail.telkomsa.net/mail/css/common,login,zhtml,skind3b6.css]
[maxcdn.bootstrapcdn.com/bootstrap/4.4.1/css/bootstrap.min.css]
